// Jest Snapshot v1, https://goo.gl/fbAQLP

exports[`should render DashboardPage correctly 1`] = `
<div>
  <Connect(Component)
    filters={
      Object {
        "endDate": "2019-05-31T20:59:59.999Z",
        "name": "",
        "sortBy": 0,
        "startDate": "2019-04-30T21:00:00.000Z",
      }
    }
  />
</div>
`;
