// Jest Snapshot v1, https://goo.gl/fbAQLP

exports[`should render AddExpensePage properly 1`] = `
<div>
  <div
    className="page-header"
  >
    <div
      className="content-container"
    >
      <h2
        className="page-header__title"
      >
        Add New Expense
      </h2>
    </div>
  </div>
  <ExpenseForm
    onSubmit={[Function]}
  />
</div>
`;
