// Jest Snapshot v1, https://goo.gl/fbAQLP

exports[`should render EditExpensePage properly 1`] = `
<div>
  <div
    className="page-header"
  >
    <div
      className="content-container"
    >
      <div
        className="page-header__top"
      >
        <h2
          className="page-header__title"
        >
          Editing Expense
        </h2>
        <button
          className="buttons__regular"
          id="remove-expense-button"
          onClick={[Function]}
        >
          Delete Expense
        </button>
      </div>
    </div>
  </div>
  <ExpenseForm
    amount={100000}
    createdAt="2011-12-31T00:00:00+02:00"
    description="Gas bill for 2010"
    editMode={true}
    id="1000"
    name="Gas Bill"
    onSubmit={[Function]}
  />
</div>
`;
