// Jest Snapshot v1, https://goo.gl/fbAQLP

exports[`should generate an expense list item 1`] = `
<Link
  className="expense-list__item"
  replace={false}
  to="/edit/1000"
>
  <div>
    <h5
      className="expense-list__item__title"
    >
      Gas Bill
    </h5>
    <span
      className="expense-list__item__description"
    >
      Gas bill for 2010
    </span>
    <span
      className="expense-list__item__date"
    >
      December 31st, 2011
    </span>
    <div
      className="expense-list__item__tags"
    >
      <p
        className="expense-list__item__tags__tag"
        key="blue"
      >
        blue
      </p>
      <p
        className="expense-list__item__tags__tag"
        key="yellow"
      >
        yellow
      </p>
    </div>
  </div>
  <div
    className="expense-list__item__amount-container"
  >
    <span
      className="expense-list__item__amount"
    >
      $1,000.00
    </span>
  </div>
</Link>
`;
