// Jest Snapshot v1, https://goo.gl/fbAQLP

exports[`should render Header component 1`] = `
<header
  className="navbar"
>
  <div
    className="content-container"
  >
    <Link
      className="navbar__title-link-container"
      replace={false}
      to="/dashboard"
    >
      <h1
        className="navbar__app-title"
      >
        Expensify
      </h1>
    </Link>
    <div
      className="navbar__links-container"
    >
      <NavLink
        activeClassName="active-link"
        aria-current="page"
        className="navbar__links-container__link"
        to="/help"
      >
        Help
      </NavLink>
      <button
        className="navbar__links-container__link buttons__clear"
        id="logout-button"
        onClick={[MockFunction]}
      >
        Logout
      </button>
    </div>
  </div>
</header>
`;
